ayakubov@Alexeys-MacBook-Pro ~/development/e2e/storage-e2e % go clean -cache && go test -timeout=60m -v ./tests/test-template -count=1
=== RUN   TestTemplate
Running Suite: Template Test Suite - /Users/ayakubov/development/e2e/storage-e2e/tests/test-template
====================================================================================================
Random Seed: 1768377741

Will run 2 of 2 specs
------------------------------
[BeforeSuite]
/Users/ayakubov/development/e2e/storage-e2e/tests/test-template/template_suite_test.go:29
DEBUG: Logger.Initialize() - config.LogLevel="debug", parsed level=DEBUG
[BeforeSuite] PASSED [0.000 seconds]
------------------------------
Template Test should create test cluster and wait for it to become ready
/Users/ayakubov/development/e2e/storage-e2e/tests/test-template/template_test.go:128
  STEP: Outputting environment variables @ 01/14/26 11:02:21.544
      📋 Environment variables (without default values):
        DKP_LICENSE_KEY: X7Yig***
        REGISTRY_DOCKER_CFG: eyJhd***
        TEST_CLUSTER_CREATE_MODE: alwaysCreateNew
        TEST_CLUSTER_CLEANUP: false
        TEST_CLUSTER_NAMESPACE: e2e-test-cluster
        TEST_CLUSTER_STORAGE_CLASS: lsc-thick
        SSH_HOST: 172.17.1.67
        SSH_USER: tfadm
        SSH_PASSPHRASE: <set>
        LOG_LEVEL: debug
        KUBE_CONFIG_PATH: ~/.kube/storage-stand-config
  STEP: Creating test cluster @ 01/14/26 11:02:21.544
      ▶️ Creating test cluster
[INFO]  ▶️ Step 1: Loading cluster configuration from cluster_config.yml
[DEBUG] 🐛 Test file directory: /Users/ayakubov/development/e2e/storage-e2e/tests/test-template
[DEBUG] 🐛 Config file path: /Users/ayakubov/development/e2e/storage-e2e/tests/test-template/cluster_config.yml
[INFO]  ✅ Step 1 Complete: Cluster configuration loaded successfully from /Users/ayakubov/development/e2e/storage-e2e/tests/test-template/cluster_config.yml
[INFO]  ▶️ Step 2: Connecting to base cluster tfadm@172.17.1.67
[INFO]  ✅ Step 2 Complete: Connected to base cluster successfully
[INFO]  ▶️ Step 3: Verifying virtualization module is Ready
[INFO]  ✅ Step 3 Complete: Virtualization module is Ready
[INFO]  ▶️ Step 4: Creating test namespace e2e-test-cluster
[INFO]  ✅ Step 4 Complete: Test namespace created
[INFO]  ▶️ Step 5: Creating virtual machines (this may take up to 20s)
[INFO]  ✅ Step 5 Complete: Created 7 virtual machines: [master-1 master-2 master-3 worker-1 worker-2 worker-3 bootstrap-node-1768377742]
[INFO]  Waiting for all VMs to become Running (this may take up to 20m0s)
[DEBUG] ⏳ Waiting for VM 7/7: bootstrap-node-1768377742
[DEBUG] ⏳ Waiting for VM 2/7: master-2
[DEBUG] ⏳ Waiting for VM 3/7: master-3
[DEBUG] ⏳ Waiting for VM 1/7: master-1
[DEBUG] ⏳ Waiting for VM 4/7: worker-1
[DEBUG] ⏳ Waiting for VM 5/7: worker-2
[DEBUG] ⏳ Waiting for VM 6/7: worker-3
[DEBUG] ✅ VM master-1 is Running
[DEBUG] ✅ VM master-3 is Running
[DEBUG] ✅ VM bootstrap-node-1768377742 is Running
[DEBUG] ✅ VM worker-3 is Running
[DEBUG] ✅ VM worker-2 is Running
[DEBUG] ✅ VM master-2 is Running
[DEBUG] ✅ VM worker-1 is Running
[INFO]  ✅ Step 5 Complete: All VMs are Running
[INFO]  ▶️ Step 6: Gathering VM information
[INFO]  ✅ Step 6 Complete: VM information gathered
[INFO]  ▶️ Step 7: Establishing SSH connection to setup node
[INFO]  ✅ Step 7 Complete: SSH connection to setup node established
[INFO]  ▶️ Step 8: Installing Docker on setup node (this may take up to 10m0s)
[INFO]  ✅ Step 8 Complete: Docker installed on setup node
[INFO]  ▶️ Step 9: Preparing bootstrap configuration
[INFO]  ✅ Step 9 Complete: Bootstrap configuration prepared
[INFO]  ▶️ Step 10: Uploading bootstrap files to setup node
[INFO]  ✅ Step 10 Complete: Bootstrap files uploaded
[INFO]  ▶️ Step 11: Bootstrapping cluster (this may take up to 30m0s)
[INFO]  ✅ Step 11 Complete: Cluster bootstrapped successfully
[INFO]  ▶️ Step 12: Stopping base cluster tunnel (needed for test cluster tunnel)
[INFO]  ✅ Step 12 Complete: Base cluster tunnel stopped
[INFO]  ▶️ Step 13: Connecting to test cluster master 10.211.1.34
[INFO]  ✅ Step 13 Complete: Connected to test cluster
[INFO]  ▶️ Step 14: Creating NodeGroup for workers
[INFO]  ✅ Step 14 Complete: NodeGroup for workers created
[DEBUG] 🐛 Waiting for bootstrap secrets to appear
[DEBUG] 🐛 Waiting for bootstrap secrets to appear
[DEBUG] ✅ Bootstrap secrets are available
[DEBUG] ✅ Bootstrap secrets appeared
[INFO]  ▶️ Step 15: Verifying cluster is ready (this may take up to 15m0s)
[INFO]  ✅ Step 15 Complete: Cluster is ready
[INFO]  ▶️ Step 16: Adding nodes to the cluster
[DEBUG] 🐛 Adding 5 node(s) to the cluster in parallel (2 master(s), 3 worker(s))
[DEBUG] 🐛 Adding worker node worker-3 (10.211.1.36) to the cluster...
[DEBUG] 🐛 Adding master node master-2 (10.211.1.35) to the cluster...
[DEBUG] 🐛 Adding worker node worker-1 (10.211.1.37) to the cluster...
[DEBUG] 🐛 Adding worker node worker-2 (10.211.1.33) to the cluster...
[DEBUG] 🐛 Adding master node master-3 (10.211.1.38) to the cluster...
[DEBUG] ⏳ Running bootstrap script on node master-2 (10.211.1.35)...
[DEBUG] ⏳ Running bootstrap script on node worker-3 (10.211.1.36)...
[DEBUG] ⏳ Running bootstrap script on node master-3 (10.211.1.38)...
[DEBUG] ⏳ Running bootstrap script on node worker-2 (10.211.1.33)...
[DEBUG] ⏳ Running bootstrap script on node worker-1 (10.211.1.37)...
[DEBUG] ✅ Bootstrap script completed successfully on node worker-3 (10.211.1.36)
[DEBUG] ✅ Bootstrap script completed successfully on node worker-2 (10.211.1.33)
[DEBUG] ✅ Bootstrap script completed successfully on node worker-1 (10.211.1.37)
[DEBUG] ✅ Bootstrap script completed successfully on node master-3 (10.211.1.38)
[DEBUG] ✅ Bootstrap script completed successfully on node master-2 (10.211.1.35)
[INFO]  ✅ Step 16 Complete: Nodes added to cluster
[INFO]  Waiting for all nodes to become Ready (this may take up to 15m0s)
[DEBUG] ⏳ Waiting for node 6/6: worker-3
[DEBUG] ⏳ Waiting for node 1/6: master-1
[DEBUG] ⏳ Waiting for node 2/6: master-2
[DEBUG] ⏳ Waiting for node 3/6: master-3
[DEBUG] ⏳ Waiting for node 4/6: worker-1
[DEBUG] ⏳ Waiting for node 5/6: worker-2
[DEBUG] ✅ Node master-1 is Ready
[DEBUG] ✅ Node worker-2 is Ready
[DEBUG] ✅ Node worker-1 is Ready
[DEBUG] ✅ Node worker-3 is Ready
[DEBUG] ✅ Node master-2 is Ready
[DEBUG] ✅ Node master-3 is Ready
[DEBUG] ✅ All nodes are Ready
[INFO]  ▶️ Step 17: Enabling and configuring modules
[INFO]  ✅ Step 17 Complete: Modules enabled and configured
      ✅ Test cluster created successfully
  STEP: Waiting for test cluster to become ready @ 01/14/26 11:20:58.318
      ▶️ Waiting for all modules to be ready in test cluster (timeout: 30m0s)...
[INFO]  Waiting for all modules to become Ready (this may take up to 30m0s)
[INFO]  ✅ Step 18 Complete: All modules are ready
      ✅ Test cluster is ready (all modules are Ready)
• [1735.292 seconds]
------------------------------
Template Test should perform a test
/Users/ayakubov/development/e2e/storage-e2e/tests/test-template/template_test.go:160
  STEP: A test @ 01/14/26 11:31:16.796
      ▶️ Performing a test...
      ✅ Test performed successfully
      ▶️ Cleaning up test cluster resources (TEST_CLUSTER_CLEANUP is not enabled - only bootstrap node will be removed)...
[INFO]  ▶️ Step 1: Stopping test cluster tunnel and closing SSH client
[DEBUG] ✅ Test cluster SSH tunnel stopped
[DEBUG] ✅ Test cluster SSH client closed
[INFO]  ▶️ Step 2: Closing setup SSH client
[DEBUG] ✅ Setup SSH client closed
[INFO]  ▶️ Step 3: Re-establishing base cluster tunnel for VM cleanup
[DEBUG] ⏳ Re-establishing base cluster tunnel...
[DEBUG] ✅ Base cluster tunnel re-established on local port: 6445
[INFO]  ▶️ Step 4: Removing setup VM bootstrap-node-1768377742
[DEBUG] 🐛 Found 1 VirtualDisk(s) associated with VM: [bootstrap-node-1768377742-system]
[DEBUG] 🗑️ Deleting VirtualMachine e2e-test-cluster/bootstrap-node-1768377742
[DEBUG] ⏳ Waiting for VirtualMachine e2e-test-cluster/bootstrap-node-1768377742 to be fully deleted...
[DEBUG] ✅ VirtualMachine e2e-test-cluster/bootstrap-node-1768377742 deleted
[DEBUG] 🗑️ Deleting 1 VirtualDisk(s)...
[DEBUG] ⏳ Waiting for 1 VirtualDisk(s) to be fully deleted...
[DEBUG] ✅ All VirtualDisks deleted
[DEBUG] 🐛 Checking ClusterVirtualImage usage (1 image(s))...
[DEBUG] ⏭️ ClusterVirtualImage jammy-server-cloudimg-amd64 is still in use, skipping deletion
[DEBUG] ✅ Setup VM bootstrap-node-1768377742 removed
[DEBUG] ⏭️ Skipping test cluster VM removal (TEST_CLUSTER_CLEANUP is not enabled)
[INFO]  ▶️ Step 6: Stopping base cluster tunnel and closing SSH client
[DEBUG] ✅ Base cluster SSH tunnel stopped
[DEBUG] ✅ Base cluster SSH client closed
      ✅ Test cluster resources cleaned up successfully
• [25.624 seconds]
------------------------------
[AfterSuite]
/Users/ayakubov/development/e2e/storage-e2e/tests/test-template/template_suite_test.go:39
[AfterSuite] PASSED [0.000 seconds]
------------------------------

Ran 2 of 2 Specs in 1760.916 seconds
SUCCESS! -- 2 Passed | 0 Failed | 0 Pending | 0 Skipped
--- PASS: TestTemplate (1760.92s)
PASS
ok  	github.com/deckhouse/storage-e2e/tests/test-template	1761.454s




[dev-rnd] root@storage-san-test-0:~# k get vm -A
NAMESPACE                  NAME                              PHASE     NODE                 IPADDRESS     AGE
commander-demo             commander-demo1-master-0-46d5b6   Running   storage-san-test-3   10.211.1.5    175d
commander-demo             commander-demo2-master-0-61efc1   Running   storage-san-test-3   10.211.1.3    175d
default                    dkp-san-test-0                    Stopped                        10.211.1.8    174d
default                    dkp-san-test-1                    Stopped                        10.211.1.2    172d
default                    dkp-san-test-2                    Stopped                        10.211.1.6    172d
e2e-ayakubov               vm1-ub22                          Running   storage-san-test-3   10.211.1.26   55d
e2e-ayakubov               vm2-ub22                          Running   storage-san-test-1   10.211.1.27   55d
e2e-ayakubov               vm3-ub22                          Running   storage-san-test-1   10.211.1.28   55d
e2e-sds-test-cluster       master-1                          Running   storage-san-test-1   10.211.1.42   19d
e2e-sds-test-cluster       master-2                          Running   storage-san-test-3   10.211.1.43   19d
e2e-sds-test-cluster       master-3                          Running   storage-san-test-1   10.211.1.44   19d
e2e-sds-test-cluster       worker-01                         Running   storage-san-test-1   10.211.1.45   19d
e2e-sds-test-cluster       worker-02                         Running   storage-san-test-1   10.211.1.46   19d
e2e-sds-test-cluster       worker-03                         Running   storage-san-test-1   10.211.1.47   19d
e2e-sds-test-cluster       worker-04                         Running   storage-san-test-1   10.211.1.48   19d
e2e-sds-test-cluster       worker-05                         Running   storage-san-test-3   10.211.1.49   19d
e2e-sds-test-cluster       worker-06                         Running   storage-san-test-1   10.211.1.50   19d
e2e-sds-test-cluster       worker-07                         Running   storage-san-test-1   10.211.1.51   19d
e2e-sds-test-cluster       worker-08                         Running   storage-san-test-1   10.211.1.52   19d
e2e-sds-test-cluster       worker-09                         Running   storage-san-test-3   10.211.1.53   19d
e2e-sds-test-cluster       worker-10                         Running   storage-san-test-1   10.211.1.54   19d
e2e-sds-test-cluster       worker-11                         Running   storage-san-test-1   10.211.1.55   19d
e2e-sds-test-cluster       worker-12                         Running   storage-san-test-1   10.211.1.56   19d
e2e-test-cluster           master-1                          Running   storage-san-test-3   10.211.1.34   36m
e2e-test-cluster           master-2                          Running   storage-san-test-3   10.211.1.35   36m
e2e-test-cluster           master-3                          Running   storage-san-test-3   10.211.1.38   36m
e2e-test-cluster           worker-1                          Running   storage-san-test-3   10.211.1.37   36m
e2e-test-cluster           worker-2                          Running   storage-san-test-3   10.211.1.33   36m
e2e-test-cluster           worker-3                          Running   storage-san-test-3   10.211.1.36   36m
e2e                        e2e-0fd193-debian-0-e204d3        Running   storage-san-test-3   10.211.1.17   62d
e2e                        e2e-0fd193-master-0-db9a96        Running   storage-san-test-3   10.211.1.13   63d
e2e                        e2e-0fd193-redos-0-a6f945         Running   storage-san-test-3   10.211.1.18   62d
e2e                        e2e-0fd193-ubuntu-0-8c2e7f        Running   storage-san-test-0   10.211.1.19   62d
e2e                        e2e-5fa7fd-debian-0-48e874        Running   storage-san-test-2   10.211.1.4    64d
e2e                        e2e-5fa7fd-master-0-fe5317        Running   storage-san-test-1   10.211.1.1    64d
e2e                        e2e-5fa7fd-redos-0-b1993e         Running   storage-san-test-0   10.211.1.7    64d
e2e                        e2e-5fa7fd-ubuntu-0-48595f        Running   storage-san-test-2   10.211.1.9    64d
e2e                        e2e-eb196a-debian-0-4ed3d4        Running   storage-san-test-3   10.211.1.24   62d
e2e                        e2e-eb196a-master-0-c785c2        Running   storage-san-test-1   10.211.1.16   63d
e2e                        e2e-eb196a-master-1-580bc0        Running   storage-san-test-3   10.211.1.20   62d
e2e                        e2e-eb196a-master-2-9e2b43        Running   storage-san-test-3   10.211.1.21   62d
e2e                        e2e-eb196a-redos-0-e5cb4b         Running   storage-san-test-2   10.211.1.23   62d
e2e                        e2e-eb196a-ubuntu-0-06b586        Running   storage-san-test-3   10.211.1.25   62d
gitlab-runners             storage-runner-1                  Running   storage-san-test-1   10.211.1.14   163d
infra                      storage-gitlab-runner-1           Stopped                        10.211.1.15   163d
poor-man-manual-e2e-test   poor-man-e2e-vm-1                 Running   storage-san-test-3   10.211.1.12   47d
[dev-rnd] root@storage-san-test-0:~# ssh cloud@10.211.1.34
The authenticity of host '10.211.1.34 (10.211.1.34)' can't be established.
ED25519 key fingerprint is SHA256:WFA+VQLt6Z/PBsfc8yA3iWsRr9nViPJ46aYZEI4Uzv4.
This key is not known by any other names.
Are you sure you want to continue connecting (yes/no/[fingerprint])? yes
Warning: Permanently added '10.211.1.34' (ED25519) to the list of known hosts.
cloud@10.211.1.34's password:
Welcome to Ubuntu 22.04.5 LTS (GNU/Linux 5.15.0-164-generic x86_64)

 * Documentation:  https://help.ubuntu.com
 * Management:     https://landscape.canonical.com
 * Support:        https://ubuntu.com/pro

 System information as of Wed Jan 14 08:38:46 UTC 2026

  System load:  1.12               Processes:               308
  Usage of /:   24.8% of 28.89GB   Users logged in:         0
  Memory usage: 37%                IPv4 address for enp1s0: 10.211.1.34
  Swap usage:   0%


Expanded Security Maintenance for Applications is not enabled.

24 updates can be applied immediately.
23 of these updates are standard security updates.
To see these additional updates run: apt list --upgradable

Enable ESM Apps to receive additional future security updates.
See https://ubuntu.com/esm or run: sudo pro status

New release '24.04.3 LTS' available.
Run 'do-release-upgrade' to upgrade to it.


cloud@master-1:~$
cloud@master-1:~$ sudo -i
root@master-1:~# k get nodes
NAME       STATUS   ROLES                  AGE   VERSION
master-1   Ready    control-plane,master   26m   v1.32.10
master-2   Ready    control-plane,master   19m   v1.32.10
master-3   Ready    control-plane,master   19m   v1.32.10
worker-1   Ready    worker                 19m   v1.32.10
worker-2   Ready    worker                 19m   v1.32.10
worker-3   Ready    worker                 19m   v1.32.10
root@master-1:~#
root@master-1:~# k get modules
NAME                                  STAGE                  SOURCE      PHASE         ENABLED   READY
admission-policy-engine               General Availability   Embedded    Ready         True      True
backup                                                                   Available     False     False
basic-auth                            General Availability   Embedded    Downloaded    False     False
cert-manager                          General Availability   Embedded    Ready         True      True
chrony                                General Availability   Embedded    Ready         True      True
cilium-hubble                         General Availability   Embedded    Downloaded    False     False
cloud-provider-aws                    General Availability   Embedded    Downloaded    False     False
cloud-provider-azure                  General Availability   Embedded    Downloaded    False     False
cloud-provider-dvp                    General Availability   Embedded    Downloaded    False     False
cloud-provider-dynamix                Preview                Embedded    Downloaded    False     False
cloud-provider-gcp                    General Availability   Embedded    Downloaded    False     False
cloud-provider-huaweicloud            General Availability   Embedded    Downloaded    False     False
cloud-provider-openstack              General Availability   Embedded    Downloaded    False     False
cloud-provider-vcd                    General Availability   Embedded    Downloaded    False     False
cloud-provider-vsphere                General Availability   Embedded    Downloaded    False     False
cloud-provider-yandex                 General Availability   Embedded    Downloaded    False     False
cloud-provider-zvirt                  General Availability   Embedded    Downloaded    False     False
cni-cilium                            General Availability   Embedded    Ready         True      True
cni-flannel                           General Availability   Embedded    Downloaded    False     False
cni-simple-bridge                     General Availability   Embedded    Downloaded    False     False
code                                                                     Available     False     False
commander                                                                Available     False     False
commander-agent                                                          Available     False     False
console                                                      deckhouse   Downloading   False     False
control-plane-manager                 General Availability   Embedded    Ready         True      True
csi-ceph                                                                 Available     False     False
csi-hpe                                                                  Available     False     False
csi-huawei                                                               Available     False     False
csi-netapp                                                               Available     False     False
csi-nfs                                                                  Available     False     False
csi-s3                                                                   Available     False     False
csi-scsi-generic                                                         Available     False     False
csi-vsphere                           General Availability   Embedded    Downloaded    False     False
csi-yadro-tatlin-unified                                                 Available     False     False
dashboard                             Deprecated             Embedded    Ready         True      True
data-exporter                                                            Available     False     False
deckhouse                             General Availability   Embedded    Ready         True      True
deckhouse-tools                       General Availability   Embedded    Ready         True      True
descheduler                           General Availability   Embedded    Ready         True      True
development-platform                                                     Available     False     False
documentation                         General Availability   Embedded    Ready         True      True
extended-monitoring                   General Availability   Embedded    Ready         True      True
gpu                                                                      Available     False     False
ingress-nginx                         General Availability   Embedded    Ready         True      True
istio                                 General Availability   Embedded    Downloaded    False     False
keepalived                            General Availability   Embedded    Downloaded    False     False
kube-dns                              General Availability   Embedded    Ready         True      True
kube-proxy                            General Availability   Embedded    Downloaded    False     False
local-path-provisioner                General Availability   Embedded    Ready         True      True
log-shipper                           General Availability   Embedded    Ready         True      True
loki                                  Preview                Embedded    Downloaded    False     False
managed-memcached                                                        Available     False     False
managed-postgres                                                         Available     False     False
managed-valkey                                                           Available     False     False
metallb                               General Availability   Embedded    Downloaded    False     False
monitoring-applications               General Availability   Embedded    Ready         True      True
monitoring-custom                     General Availability   Embedded    Ready         True      True
monitoring-deckhouse                  General Availability   Embedded    Ready         True      True
monitoring-kubernetes                 General Availability   Embedded    Ready         True      True
monitoring-kubernetes-control-plane   General Availability   Embedded    Ready         True      True
monitoring-ping                       General Availability   Embedded    Ready         True      True
monitoring-service-latency                                               Available     False     False
multitenancy-manager                  Preview                Embedded    Ready         True      True
namespace-configurator                General Availability   Embedded    Ready         True      True
network-gateway                       General Availability   Embedded    Downloaded    False     False
network-policy-engine                 General Availability   Embedded    Downloaded    False     False
neuvector                                                                Available     False     False
node-local-dns                        General Availability   Embedded    Ready         True      True
node-manager                          General Availability   Embedded    Ready         True      True
observability                                                            Available     False     False
observability-platform                                                   Available     False     False
okmeter                               General Availability   Embedded    Downloaded    False     False
openvpn                               General Availability   Embedded    Downloaded    False     False
operator-argo                                                            Available     False     False
operator-ceph                                                            Available     False     False
operator-prometheus                   General Availability   Embedded    Ready         True      True
operator-trivy                                                           Available     False     False
payload-registry                                                         Available     False     False
pod-reloader                          General Availability   deckhouse   Ready         True      True
prometheus                            General Availability   Embedded    Ready         True      True
prometheus-metrics-adapter            General Availability   Embedded    Ready         True      True
prometheus-pushgateway                General Availability   Embedded    Downloaded    False     False
prompp                                Preview                deckhouse   Ready         True      True
registry                              Preview                Embedded    Ready         True      True
registry-packages-proxy               General Availability   Embedded    Ready         True      True
runtime-audit-engine                                                     Available     False     False
sdn                                                                      Available     False     False
sds-elastic                                                              Available     False     False
sds-local-volume                      General Availability   deckhouse   Ready         True      True
sds-node-configurator                 General Availability   deckhouse   Ready         True      True
sds-replicated-volume                                                    Available     False     False
secret-copier                         General Availability   Embedded    Ready         True      True
secrets-store-integration                                                Available     False     False
service-with-healthchecks             General Availability   Embedded    Downloaded    False     False
snapshot-controller                   General Availability   deckhouse   Ready         True      True
state-snapshotter                                                        Available     False     False
static-routing-manager                                                   Available     False     False
storage-foundation                                                       Available     False     False
storage-status                                                           Available     False     False
storage-volume-data-manager                                              Available     False     False
stronghold                                                               Available     False     False
terraform-manager                     General Availability   Embedded    Downloaded    False     False
upmeter                               General Availability   Embedded    Ready         True      True
user-authn                            General Availability   Embedded    Ready         True      True
user-authz                            General Availability   Embedded    Ready         True      True
vertical-pod-autoscaler               General Availability   Embedded    Ready         True      True
virtualization                                                           Available     False     False


root@master-1:~# k -n d8-system get pod -owide
NAME                                                READY   STATUS    RESTARTS      AGE     IP             NODE       NOMINATED NODE   READINESS GATES
deckhouse-98977c957-2mt9m                           2/2     Running   0             21m     10.211.1.35    master-2   <none>           <none>
deckhouse-98977c957-84r2q                           2/2     Running   1 (15m ago)   21m     10.211.1.34    master-1   <none>           <none>
deckhouse-98977c957-vnqbt                           2/2     Running   0             21m     10.211.1.38    master-3   <none>           <none>
deckhouse-tools-7f5bd4c7c4-2nqfd                    1/1     Running   0             16m     10.112.5.125   worker-1   <none>           <none>
deckhouse-tools-dex-authenticator-8944b767b-cnk87   2/2     Running   0             12m     10.112.5.34    worker-1   <none>           <none>
deckhouse-tools-dex-authenticator-8944b767b-g8nmh   2/2     Running   0             12m     10.112.2.201   worker-3   <none>           <none>
documentation-58f7768567-8v978                      3/3     Running   0             16m     10.112.5.152   worker-1   <none>           <none>
documentation-dex-authenticator-865859b8cd-vdvmn    2/2     Running   0             12m     10.112.5.22    worker-1   <none>           <none>
documentation-dex-authenticator-865859b8cd-wk4z7    2/2     Running   0             12m     10.112.2.125   worker-3   <none>           <none>
webhook-handler-775685576b-x5n7p                    1/1     Running   0             7m31s   10.112.0.235   master-1   <none>           <none>
webhook-handler-775685576b-zb44k                    1/1     Running   0             7m57s   10.112.3.130   master-2   <none>           <none>